Archive member included to satisfy reference by file (symbol)

/opt/st/stm32cubeide_1.7.0/plugins/com.st.stm32cube.ide.mcu.externaltools.gnu-tools-for-stm32.9-2020-q2-update.linux64_2.0.0.202105311346/tools/bin/../lib/gcc/arm-none-eabi/9.3.1/../../../../arm-none-eabi/lib/thumb/v7e-m+fp/hard/libc_nano.a(lib_a-errno.o)
                              ./src/syscalls.o (__errno)
/opt/st/stm32cubeide_1.7.0/plugins/com.st.stm32cube.ide.mcu.externaltools.gnu-tools-for-stm32.9-2020-q2-update.linux64_2.0.0.202105311346/tools/bin/../lib/gcc/arm-none-eabi/9.3.1/../../../../arm-none-eabi/lib/thumb/v7e-m+fp/hard/libc_nano.a(lib_a-exit.o)
                              /opt/st/stm32cubeide_1.7.0/plugins/com.st.stm32cube.ide.mcu.externaltools.gnu-tools-for-stm32.9-2020-q2-update.linux64_2.0.0.202105311346/tools/bin/../lib/gcc/arm-none-eabi/9.3.1/../../../../arm-none-eabi/lib/thumb/v7e-m+fp/hard/crt0.o (exit)
/opt/st/stm32cubeide_1.7.0/plugins/com.st.stm32cube.ide.mcu.externaltools.gnu-tools-for-stm32.9-2020-q2-update.linux64_2.0.0.202105311346/tools/bin/../lib/gcc/arm-none-eabi/9.3.1/../../../../arm-none-eabi/lib/thumb/v7e-m+fp/hard/libc_nano.a(lib_a-impure.o)
                              /opt/st/stm32cubeide_1.7.0/plugins/com.st.stm32cube.ide.mcu.externaltools.gnu-tools-for-stm32.9-2020-q2-update.linux64_2.0.0.202105311346/tools/bin/../lib/gcc/arm-none-eabi/9.3.1/../../../../arm-none-eabi/lib/thumb/v7e-m+fp/hard/libc_nano.a(lib_a-exit.o) (_global_impure_ptr)
/opt/st/stm32cubeide_1.7.0/plugins/com.st.stm32cube.ide.mcu.externaltools.gnu-tools-for-stm32.9-2020-q2-update.linux64_2.0.0.202105311346/tools/bin/../lib/gcc/arm-none-eabi/9.3.1/../../../../arm-none-eabi/lib/thumb/v7e-m+fp/hard/libc_nano.a(lib_a-init.o)
                              /opt/st/stm32cubeide_1.7.0/plugins/com.st.stm32cube.ide.mcu.externaltools.gnu-tools-for-stm32.9-2020-q2-update.linux64_2.0.0.202105311346/tools/bin/../lib/gcc/arm-none-eabi/9.3.1/../../../../arm-none-eabi/lib/thumb/v7e-m+fp/hard/crt0.o (__libc_init_array)
/opt/st/stm32cubeide_1.7.0/plugins/com.st.stm32cube.ide.mcu.externaltools.gnu-tools-for-stm32.9-2020-q2-update.linux64_2.0.0.202105311346/tools/bin/../lib/gcc/arm-none-eabi/9.3.1/../../../../arm-none-eabi/lib/thumb/v7e-m+fp/hard/libc_nano.a(lib_a-memset.o)
                              /opt/st/stm32cubeide_1.7.0/plugins/com.st.stm32cube.ide.mcu.externaltools.gnu-tools-for-stm32.9-2020-q2-update.linux64_2.0.0.202105311346/tools/bin/../lib/gcc/arm-none-eabi/9.3.1/../../../../arm-none-eabi/lib/thumb/v7e-m+fp/hard/crt0.o (memset)

Discarded input sections

 .text          0x0000000000000000        0x0 /opt/st/stm32cubeide_1.7.0/plugins/com.st.stm32cube.ide.mcu.externaltools.gnu-tools-for-stm32.9-2020-q2-update.linux64_2.0.0.202105311346/tools/bin/../lib/gcc/arm-none-eabi/9.3.1/thumb/v7e-m+fp/hard/crti.o
 .data          0x0000000000000000        0x0 /opt/st/stm32cubeide_1.7.0/plugins/com.st.stm32cube.ide.mcu.externaltools.gnu-tools-for-stm32.9-2020-q2-update.linux64_2.0.0.202105311346/tools/bin/../lib/gcc/arm-none-eabi/9.3.1/thumb/v7e-m+fp/hard/crti.o
 .bss           0x0000000000000000        0x0 /opt/st/stm32cubeide_1.7.0/plugins/com.st.stm32cube.ide.mcu.externaltools.gnu-tools-for-stm32.9-2020-q2-update.linux64_2.0.0.202105311346/tools/bin/../lib/gcc/arm-none-eabi/9.3.1/thumb/v7e-m+fp/hard/crti.o
 .data          0x0000000000000000        0x4 /opt/st/stm32cubeide_1.7.0/plugins/com.st.stm32cube.ide.mcu.externaltools.gnu-tools-for-stm32.9-2020-q2-update.linux64_2.0.0.202105311346/tools/bin/../lib/gcc/arm-none-eabi/9.3.1/thumb/v7e-m+fp/hard/crtbegin.o
 .text          0x0000000000000000       0x7c /opt/st/stm32cubeide_1.7.0/plugins/com.st.stm32cube.ide.mcu.externaltools.gnu-tools-for-stm32.9-2020-q2-update.linux64_2.0.0.202105311346/tools/bin/../lib/gcc/arm-none-eabi/9.3.1/../../../../arm-none-eabi/lib/thumb/v7e-m+fp/hard/crt0.o
 .data          0x0000000000000000        0x0 /opt/st/stm32cubeide_1.7.0/plugins/com.st.stm32cube.ide.mcu.externaltools.gnu-tools-for-stm32.9-2020-q2-update.linux64_2.0.0.202105311346/tools/bin/../lib/gcc/arm-none-eabi/9.3.1/../../../../arm-none-eabi/lib/thumb/v7e-m+fp/hard/crt0.o
 .bss           0x0000000000000000        0x0 /opt/st/stm32cubeide_1.7.0/plugins/com.st.stm32cube.ide.mcu.externaltools.gnu-tools-for-stm32.9-2020-q2-update.linux64_2.0.0.202105311346/tools/bin/../lib/gcc/arm-none-eabi/9.3.1/../../../../arm-none-eabi/lib/thumb/v7e-m+fp/hard/crt0.o
 .ARM.extab     0x0000000000000000        0x0 /opt/st/stm32cubeide_1.7.0/plugins/com.st.stm32cube.ide.mcu.externaltools.gnu-tools-for-stm32.9-2020-q2-update.linux64_2.0.0.202105311346/tools/bin/../lib/gcc/arm-none-eabi/9.3.1/../../../../arm-none-eabi/lib/thumb/v7e-m+fp/hard/crt0.o
 .ARM.exidx     0x0000000000000000       0x10 /opt/st/stm32cubeide_1.7.0/plugins/com.st.stm32cube.ide.mcu.externaltools.gnu-tools-for-stm32.9-2020-q2-update.linux64_2.0.0.202105311346/tools/bin/../lib/gcc/arm-none-eabi/9.3.1/../../../../arm-none-eabi/lib/thumb/v7e-m+fp/hard/crt0.o
 .ARM.attributes
                0x0000000000000000       0x1c /opt/st/stm32cubeide_1.7.0/plugins/com.st.stm32cube.ide.mcu.externaltools.gnu-tools-for-stm32.9-2020-q2-update.linux64_2.0.0.202105311346/tools/bin/../lib/gcc/arm-none-eabi/9.3.1/../../../../arm-none-eabi/lib/thumb/v7e-m+fp/hard/crt0.o
 .group         0x0000000000000000        0xc ./drivers/src/stm32f446xx_gpio.o
 .group         0x0000000000000000        0xc ./drivers/src/stm32f446xx_gpio.o
 .group         0x0000000000000000        0xc ./drivers/src/stm32f446xx_gpio.o
 .group         0x0000000000000000        0xc ./drivers/src/stm32f446xx_gpio.o
 .group         0x0000000000000000        0xc ./drivers/src/stm32f446xx_gpio.o
 .group         0x0000000000000000        0xc ./drivers/src/stm32f446xx_gpio.o
 .group         0x0000000000000000        0xc ./drivers/src/stm32f446xx_gpio.o
 .group         0x0000000000000000        0xc ./drivers/src/stm32f446xx_gpio.o
 .group         0x0000000000000000        0xc ./drivers/src/stm32f446xx_gpio.o
 .group         0x0000000000000000        0xc ./drivers/src/stm32f446xx_gpio.o
 .text          0x0000000000000000        0x0 ./drivers/src/stm32f446xx_gpio.o
 .data          0x0000000000000000        0x0 ./drivers/src/stm32f446xx_gpio.o
 .bss           0x0000000000000000        0x0 ./drivers/src/stm32f446xx_gpio.o
 .text.GPIO_DeInit
                0x0000000000000000      0x148 ./drivers/src/stm32f446xx_gpio.o
 .text.GPIO_ReadInputPort
                0x0000000000000000       0x1a ./drivers/src/stm32f446xx_gpio.o
 .text.GPIO_WriteOutputPin
                0x0000000000000000       0x4a ./drivers/src/stm32f446xx_gpio.o
 .text.GPIO_WriteOutputPort
                0x0000000000000000       0x1e ./drivers/src/stm32f446xx_gpio.o
 .text.GPIO_ToggleOutputPin
                0x0000000000000000       0x2a ./drivers/src/stm32f446xx_gpio.o
 .text.GPIO_IRQNumConfig
                0x0000000000000000       0xf0 ./drivers/src/stm32f446xx_gpio.o
 .text.GPIO_IRQPriority
                0x0000000000000000       0x70 ./drivers/src/stm32f446xx_gpio.o
 .text.GPIO_IRQHandling
                0x0000000000000000       0x40 ./drivers/src/stm32f446xx_gpio.o
 .group         0x0000000000000000        0xc ./drivers/src/stm32f446xx_spi.o
 .group         0x0000000000000000        0xc ./drivers/src/stm32f446xx_spi.o
 .group         0x0000000000000000        0xc ./drivers/src/stm32f446xx_spi.o
 .group         0x0000000000000000        0xc ./drivers/src/stm32f446xx_spi.o
 .group         0x0000000000000000        0xc ./drivers/src/stm32f446xx_spi.o
 .group         0x0000000000000000        0xc ./drivers/src/stm32f446xx_spi.o
 .group         0x0000000000000000        0xc ./drivers/src/stm32f446xx_spi.o
 .group         0x0000000000000000        0xc ./drivers/src/stm32f446xx_spi.o
 .group         0x0000000000000000        0xc ./drivers/src/stm32f446xx_spi.o
 .group         0x0000000000000000        0xc ./drivers/src/stm32f446xx_spi.o
 .text          0x0000000000000000        0x0 ./drivers/src/stm32f446xx_spi.o
 .data          0x0000000000000000        0x0 ./drivers/src/stm32f446xx_spi.o
 .bss           0x0000000000000000        0x0 ./drivers/src/stm32f446xx_spi.o
 .text.SPI_DeInit
                0x0000000000000000       0x20 ./drivers/src/stm32f446xx_spi.o
 .text.SPI_IRQNumConfig
                0x0000000000000000       0xf0 ./drivers/src/stm32f446xx_spi.o
 .text.SPI_IRQPriority
                0x0000000000000000       0x70 ./drivers/src/stm32f446xx_spi.o
 .text.SPI_TxIT
                0x0000000000000000       0x48 ./drivers/src/stm32f446xx_spi.o
 .text.SPI_IRQHandling
                0x0000000000000000       0xa2 ./drivers/src/stm32f446xx_spi.o
 .text.SPI_RxIT
                0x0000000000000000       0x48 ./drivers/src/stm32f446xx_spi.o
 .text.SPI_TxIT_Handler
                0x0000000000000000       0x80 ./drivers/src/stm32f446xx_spi.o
 .text.SPI_RxIT_Handler
                0x0000000000000000       0x84 ./drivers/src/stm32f446xx_spi.o
 .text.SPI_ErrIT_Handler
                0x0000000000000000       0x26 ./drivers/src/stm32f446xx_spi.o
 .text.SPI_ClearOVRFlag
                0x0000000000000000       0x20 ./drivers/src/stm32f446xx_spi.o
 .text.SPI_CloseTx
                0x0000000000000000       0x36 ./drivers/src/stm32f446xx_spi.o
 .text.SPI_CloseRx
                0x0000000000000000       0x36 ./drivers/src/stm32f446xx_spi.o
 .debug_macro   0x0000000000000000      0xab4 ./drivers/src/stm32f446xx_spi.o
 .debug_macro   0x0000000000000000       0x22 ./drivers/src/stm32f446xx_spi.o
 .debug_macro   0x0000000000000000       0x8e ./drivers/src/stm32f446xx_spi.o
 .debug_macro   0x0000000000000000       0x51 ./drivers/src/stm32f446xx_spi.o
 .debug_macro   0x0000000000000000      0x103 ./drivers/src/stm32f446xx_spi.o
 .debug_macro   0x0000000000000000       0x6a ./drivers/src/stm32f446xx_spi.o
 .debug_macro   0x0000000000000000      0x1df ./drivers/src/stm32f446xx_spi.o
 .debug_macro   0x0000000000000000      0x174 ./drivers/src/stm32f446xx_spi.o
 .debug_macro   0x0000000000000000      0x9d5 ./drivers/src/stm32f446xx_spi.o
 .group         0x0000000000000000        0xc ./src/008SPICmdHandling.o
 .group         0x0000000000000000        0xc ./src/008SPICmdHandling.o
 .group         0x0000000000000000        0xc ./src/008SPICmdHandling.o
 .group         0x0000000000000000        0xc ./src/008SPICmdHandling.o
 .group         0x0000000000000000        0xc ./src/008SPICmdHandling.o
 .group         0x0000000000000000        0xc ./src/008SPICmdHandling.o
 .group         0x0000000000000000        0xc ./src/008SPICmdHandling.o
 .group         0x0000000000000000        0xc ./src/008SPICmdHandling.o
 .group         0x0000000000000000        0xc ./src/008SPICmdHandling.o
 .group         0x0000000000000000        0xc ./src/008SPICmdHandling.o
 .group         0x0000000000000000        0xc ./src/008SPICmdHandling.o
 .group         0x0000000000000000        0xc ./src/008SPICmdHandling.o
 .group         0x0000000000000000        0xc ./src/008SPICmdHandling.o
 .group         0x0000000000000000        0xc ./src/008SPICmdHandling.o
 .group         0x0000000000000000        0xc ./src/008SPICmdHandling.o
 .group         0x0000000000000000        0xc ./src/008SPICmdHandling.o
 .group         0x0000000000000000        0xc ./src/008SPICmdHandling.o
 .group         0x0000000000000000        0xc ./src/008SPICmdHandling.o
 .group         0x0000000000000000        0xc ./src/008SPICmdHandling.o
 .group         0x0000000000000000        0xc ./src/008SPICmdHandling.o
 .group         0x0000000000000000        0xc ./src/008SPICmdHandling.o
 .group         0x0000000000000000        0xc ./src/008SPICmdHandling.o
 .group         0x0000000000000000        0xc ./src/008SPICmdHandling.o
 .group         0x0000000000000000        0xc ./src/008SPICmdHandling.o
 .group         0x0000000000000000        0xc ./src/008SPICmdHandling.o
 .group         0x0000000000000000        0xc ./src/008SPICmdHandling.o
 .group         0x0000000000000000        0xc ./src/008SPICmdHandling.o
 .text          0x0000000000000000        0x0 ./src/008SPICmdHandling.o
 .data          0x0000000000000000        0x0 ./src/008SPICmdHandling.o
 .bss           0x0000000000000000        0x0 ./src/008SPICmdHandling.o
 .debug_macro   0x0000000000000000      0xab4 ./src/008SPICmdHandling.o
 .debug_macro   0x0000000000000000       0x22 ./src/008SPICmdHandling.o
 .debug_macro   0x0000000000000000      0x174 ./src/008SPICmdHandling.o
 .debug_macro   0x0000000000000000      0x103 ./src/008SPICmdHandling.o
 .debug_macro   0x0000000000000000       0x6a ./src/008SPICmdHandling.o
 .debug_macro   0x0000000000000000      0x1df ./src/008SPICmdHandling.o
 .debug_macro   0x0000000000000000      0x9d5 ./src/008SPICmdHandling.o
 .debug_macro   0x0000000000000000       0xc4 ./src/008SPICmdHandling.o
 .group         0x0000000000000000        0xc ./src/syscalls.o
 .group         0x0000000000000000        0xc ./src/syscalls.o
 .group         0x0000000000000000        0xc ./src/syscalls.o
 .group         0x0000000000000000        0xc ./src/syscalls.o
 .group         0x0000000000000000        0xc ./src/syscalls.o
 .group         0x0000000000000000        0xc ./src/syscalls.o
 .group         0x0000000000000000        0xc ./src/syscalls.o
 .group         0x0000000000000000        0xc ./src/syscalls.o
 .group         0x0000000000000000        0xc ./src/syscalls.o
 .group         0x0000000000000000        0xc ./src/syscalls.o
 .group         0x0000000000000000        0xc ./src/syscalls.o
 .group         0x0000000000000000        0xc ./src/syscalls.o
 .group         0x0000000000000000        0xc ./src/syscalls.o
 .group         0x0000000000000000        0xc ./src/syscalls.o
 .group         0x0000000000000000        0xc ./src/syscalls.o
 .group         0x0000000000000000        0xc ./src/syscalls.o
 .group         0x0000000000000000        0xc ./src/syscalls.o
 .group         0x0000000000000000        0xc ./src/syscalls.o
 .group         0x0000000000000000        0xc ./src/syscalls.o
 .group         0x0000000000000000        0xc ./src/syscalls.o
 .group         0x0000000000000000        0xc ./src/syscalls.o
 .group         0x0000000000000000        0xc ./src/syscalls.o
 .group         0x0000000000000000        0xc ./src/syscalls.o
 .group         0x0000000000000000        0xc ./src/syscalls.o
 .group         0x0000000000000000        0xc ./src/syscalls.o
 .group         0x0000000000000000        0xc ./src/syscalls.o
 .group         0x0000000000000000        0xc ./src/syscalls.o
 .group         0x0000000000000000        0xc ./src/syscalls.o
 .group         0x0000000000000000        0xc ./src/syscalls.o
 .group         0x0000000000000000        0xc ./src/syscalls.o
 .group         0x0000000000000000        0xc ./src/syscalls.o
 .group         0x0000000000000000        0xc ./src/syscalls.o
 .group         0x0000000000000000        0xc ./src/syscalls.o
 .group         0x0000000000000000        0xc ./src/syscalls.o
 .group         0x0000000000000000        0xc ./src/syscalls.o
 .group         0x0000000000000000        0xc ./src/syscalls.o
 .group         0x0000000000000000        0xc ./src/syscalls.o
 .group         0x0000000000000000        0xc ./src/syscalls.o
 .group         0x0000000000000000        0xc ./src/syscalls.o
 .group         0x0000000000000000        0xc ./src/syscalls.o
 .group         0x0000000000000000        0xc ./src/syscalls.o
 .group         0x0000000000000000        0xc ./src/syscalls.o
 .group         0x0000000000000000        0xc ./src/syscalls.o
 .group         0x0000000000000000        0xc ./src/syscalls.o
 .group         0x0000000000000000        0xc ./src/syscalls.o
 .group         0x0000000000000000        0xc ./src/syscalls.o
 .group         0x0000000000000000        0xc ./src/syscalls.o
 .text          0x0000000000000000        0x0 ./src/syscalls.o
 .data          0x0000000000000000        0x0 ./src/syscalls.o
 .bss           0x0000000000000000        0x0 ./src/syscalls.o
 .bss.__env     0x0000000000000000        0x4 ./src/syscalls.o
 .data.environ  0x0000000000000000        0x4 ./src/syscalls.o
 .text.initialise_monitor_handles
                0x0000000000000000        0xe ./src/syscalls.o
 .text._getpid  0x0000000000000000       0x10 ./src/syscalls.o
 .text._kill    0x0000000000000000       0x20 ./src/syscalls.o
 .text._exit    0x0000000000000000       0x14 ./src/syscalls.o
 .text._read    0x0000000000000000       0x3a ./src/syscalls.o
 .text._write   0x0000000000000000       0x38 ./src/syscalls.o
 .text._close   0x0000000000000000       0x18 ./src/syscalls.o
 .text._fstat   0x0000000000000000       0x20 ./src/syscalls.o
 .text._isatty  0x0000000000000000       0x16 ./src/syscalls.o
 .text._lseek   0x0000000000000000       0x1a ./src/syscalls.o
 .text._open    0x0000000000000000       0x1c ./src/syscalls.o
 .text._wait    0x0000000000000000       0x1e ./src/syscalls.o
 .text._unlink  0x0000000000000000       0x1e ./src/syscalls.o
 .text._times   0x0000000000000000       0x18 ./src/syscalls.o
 .text._stat    0x0000000000000000       0x20 ./src/syscalls.o
 .text._link    0x0000000000000000       0x20 ./src/syscalls.o
 .text._fork    0x0000000000000000       0x16 ./src/syscalls.o
 .text._execve  0x0000000000000000       0x22 ./src/syscalls.o
 .debug_info    0x0000000000000000      0xfa8 ./src/syscalls.o
 .debug_abbrev  0x0000000000000000      0x286 ./src/syscalls.o
 .debug_aranges
                0x0000000000000000       0xa8 ./src/syscalls.o
 .debug_ranges  0x0000000000000000       0x98 ./src/syscalls.o
 .debug_macro   0x0000000000000000      0x24c ./src/syscalls.o
 .debug_macro   0x0000000000000000      0xab4 ./src/syscalls.o
 .debug_macro   0x0000000000000000       0x22 ./src/syscalls.o
 .debug_macro   0x0000000000000000       0x4c ./src/syscalls.o
 .debug_macro   0x0000000000000000       0x18 ./src/syscalls.o
 .debug_macro   0x0000000000000000       0x94 ./src/syscalls.o
 .debug_macro   0x0000000000000000       0x3c ./src/syscalls.o
 .debug_macro   0x0000000000000000       0x34 ./src/syscalls.o
 .debug_macro   0x0000000000000000       0x57 ./src/syscalls.o
 .debug_macro   0x0000000000000000      0x174 ./src/syscalls.o
 .debug_macro   0x0000000000000000      0x339 ./src/syscalls.o
 .debug_macro   0x0000000000000000       0x16 ./src/syscalls.o
 .debug_macro   0x0000000000000000       0x43 ./src/syscalls.o
 .debug_macro   0x0000000000000000       0x34 ./src/syscalls.o
 .debug_macro   0x0000000000000000       0x10 ./src/syscalls.o
 .debug_macro   0x0000000000000000       0x58 ./src/syscalls.o
 .debug_macro   0x0000000000000000       0x71 ./src/syscalls.o
 .debug_macro   0x0000000000000000       0x1c ./src/syscalls.o
 .debug_macro   0x0000000000000000      0x12a ./src/syscalls.o
 .debug_macro   0x0000000000000000       0x10 ./src/syscalls.o
 .debug_macro   0x0000000000000000       0x35 ./src/syscalls.o
 .debug_macro   0x0000000000000000       0x10 ./src/syscalls.o
 .debug_macro   0x0000000000000000       0x10 ./src/syscalls.o
 .debug_macro   0x0000000000000000       0x10 ./src/syscalls.o
 .debug_macro   0x0000000000000000       0x6a ./src/syscalls.o
 .debug_macro   0x0000000000000000       0x1c ./src/syscalls.o
 .debug_macro   0x0000000000000000       0x52 ./src/syscalls.o
 .debug_macro   0x0000000000000000       0x22 ./src/syscalls.o
 .debug_macro   0x0000000000000000       0x10 ./src/syscalls.o
 .debug_macro   0x0000000000000000       0x40 ./src/syscalls.o
 .debug_macro   0x0000000000000000       0xd5 ./src/syscalls.o
 .debug_macro   0x0000000000000000       0x1c ./src/syscalls.o
 .debug_macro   0x0000000000000000       0x3d ./src/syscalls.o
 .debug_macro   0x0000000000000000       0x35 ./src/syscalls.o
 .debug_macro   0x0000000000000000      0x12c ./src/syscalls.o
 .debug_macro   0x0000000000000000       0x16 ./src/syscalls.o
 .debug_macro   0x0000000000000000       0x16 ./src/syscalls.o
 .debug_macro   0x0000000000000000       0x29 ./src/syscalls.o
 .debug_macro   0x0000000000000000       0x10 ./src/syscalls.o
 .debug_macro   0x0000000000000000      0x241 ./src/syscalls.o
 .debug_macro   0x0000000000000000       0x1c ./src/syscalls.o
 .debug_macro   0x0000000000000000       0x10 ./src/syscalls.o
 .debug_macro   0x0000000000000000       0x10 ./src/syscalls.o
 .debug_macro   0x0000000000000000       0x16 ./src/syscalls.o
 .debug_macro   0x0000000000000000      0x145 ./src/syscalls.o
 .debug_macro   0x0000000000000000      0x189 ./src/syscalls.o
 .debug_macro   0x0000000000000000       0x16 ./src/syscalls.o
 .debug_macro   0x0000000000000000       0xce ./src/syscalls.o
 .debug_line    0x0000000000000000      0x7d0 ./src/syscalls.o
 .debug_str     0x0000000000000000     0x8ed8 ./src/syscalls.o
 .comment       0x0000000000000000       0x54 ./src/syscalls.o
 .debug_frame   0x0000000000000000      0x2ac ./src/syscalls.o
 .ARM.attributes
                0x0000000000000000       0x34 ./src/syscalls.o
 .group         0x0000000000000000        0xc ./src/sysmem.o
 .group         0x0000000000000000        0xc ./src/sysmem.o
 .group         0x0000000000000000        0xc ./src/sysmem.o
 .group         0x0000000000000000        0xc ./src/sysmem.o
 .group         0x0000000000000000        0xc ./src/sysmem.o
 .group         0x0000000000000000        0xc ./src/sysmem.o
 .group         0x0000000000000000        0xc ./src/sysmem.o
 .group         0x0000000000000000        0xc ./src/sysmem.o
 .group         0x0000000000000000        0xc ./src/sysmem.o
 .group         0x0000000000000000        0xc ./src/sysmem.o
 .group         0x0000000000000000        0xc ./src/sysmem.o
 .group         0x0000000000000000        0xc ./src/sysmem.o
 .group         0x0000000000000000        0xc ./src/sysmem.o
 .group         0x0000000000000000        0xc ./src/sysmem.o
 .group         0x0000000000000000        0xc ./src/sysmem.o
 .group         0x0000000000000000        0xc ./src/sysmem.o
 .group         0x0000000000000000        0xc ./src/sysmem.o
 .group         0x0000000000000000        0xc ./src/sysmem.o
 .group         0x0000000000000000        0xc ./src/sysmem.o
 .group         0x0000000000000000        0xc ./src/sysmem.o
 .group         0x0000000000000000        0xc ./src/sysmem.o
 .group         0x0000000000000000        0xc ./src/sysmem.o
 .text          0x0000000000000000        0x0 ./src/sysmem.o
 .data          0x0000000000000000        0x0 ./src/sysmem.o
 .bss           0x0000000000000000        0x0 ./src/sysmem.o
 .bss.__sbrk_heap_end
                0x0000000000000000        0x4 ./src/sysmem.o
 .text._sbrk    0x0000000000000000       0x6c ./src/sysmem.o
 .debug_info    0x0000000000000000      0xa25 ./src/sysmem.o
 .debug_abbrev  0x0000000000000000      0x1bf ./src/sysmem.o
 .debug_aranges
                0x0000000000000000       0x20 ./src/sysmem.o
 .debug_ranges  0x0000000000000000       0x10 ./src/sysmem.o
 .debug_macro   0x0000000000000000       0xff ./src/sysmem.o
 .debug_macro   0x0000000000000000      0xab4 ./src/sysmem.o
 .debug_macro   0x0000000000000000       0x10 ./src/sysmem.o
 .debug_macro   0x0000000000000000       0x22 ./src/sysmem.o
 .debug_macro   0x0000000000000000       0x4c ./src/sysmem.o
 .debug_macro   0x0000000000000000       0x18 ./src/sysmem.o
 .debug_macro   0x0000000000000000       0x94 ./src/sysmem.o
 .debug_macro   0x0000000000000000       0x3c ./src/sysmem.o
 .debug_macro   0x0000000000000000       0x34 ./src/sysmem.o
 .debug_macro   0x0000000000000000      0x174 ./src/sysmem.o
 .debug_macro   0x0000000000000000       0x16 ./src/sysmem.o
 .debug_macro   0x0000000000000000       0x43 ./src/sysmem.o
 .debug_macro   0x0000000000000000       0x57 ./src/sysmem.o
 .debug_macro   0x0000000000000000       0x34 ./src/sysmem.o
 .debug_macro   0x0000000000000000       0x10 ./src/sysmem.o
 .debug_macro   0x0000000000000000       0x58 ./src/sysmem.o
 .debug_macro   0x0000000000000000       0x71 ./src/sysmem.o
 .debug_macro   0x0000000000000000       0x1c ./src/sysmem.o
 .debug_macro   0x0000000000000000      0x12a ./src/sysmem.o
 .debug_macro   0x0000000000000000      0x23b ./src/sysmem.o
 .debug_macro   0x0000000000000000      0x103 ./src/sysmem.o
 .debug_macro   0x0000000000000000       0x6a ./src/sysmem.o
 .debug_macro   0x0000000000000000      0x1df ./src/sysmem.o
 .debug_line    0x0000000000000000      0x4c6 ./src/sysmem.o
 .debug_str     0x0000000000000000     0x62ab ./src/sysmem.o
 .comment       0x0000000000000000       0x54 ./src/sysmem.o
 .debug_frame   0x0000000000000000       0x34 ./src/sysmem.o
 .ARM.attributes
                0x0000000000000000       0x34 ./src/sysmem.o
 .text          0x0000000000000000       0x14 ./startup/startup_stm32f446retx.o
 .data          0x0000000000000000        0x0 ./startup/startup_stm32f446retx.o
 .bss           0x0000000000000000        0x0 ./startup/startup_stm32f446retx.o
 .text          0x0000000000000000        0x0 /opt/st/stm32cubeide_1.7.0/plugins/com.st.stm32cube.ide.mcu.externaltools.gnu-tools-for-stm32.9-2020-q2-update.linux64_2.0.0.202105311346/tools/bin/../lib/gcc/arm-none-eabi/9.3.1/../../../../arm-none-eabi/lib/thumb/v7e-m+fp/hard/libc_nano.a(lib_a-errno.o)
 .data          0x0000000000000000        0x0 /opt/st/stm32cubeide_1.7.0/plugins/com.st.stm32cube.ide.mcu.externaltools.gnu-tools-for-stm32.9-2020-q2-update.linux64_2.0.0.202105311346/tools/bin/../lib/gcc/arm-none-eabi/9.3.1/../../../../arm-none-eabi/lib/thumb/v7e-m+fp/hard/libc_nano.a(lib_a-errno.o)
 .bss           0x0000000000000000        0x0 /opt/st/stm32cubeide_1.7.0/plugins/com.st.stm32cube.ide.mcu.externaltools.gnu-tools-for-stm32.9-2020-q2-update.linux64_2.0.0.202105311346/tools/bin/../lib/gcc/arm-none-eabi/9.3.1/../../../../arm-none-eabi/lib/thumb/v7e-m+fp/hard/libc_nano.a(lib_a-errno.o)
 .text.__errno  0x0000000000000000        0xc /opt/st/stm32cubeide_1.7.0/plugins/com.st.stm32cube.ide.mcu.externaltools.gnu-tools-for-stm32.9-2020-q2-update.linux64_2.0.0.202105311346/tools/bin/../lib/gcc/arm-none-eabi/9.3.1/../../../../arm-none-eabi/lib/thumb/v7e-m+fp/hard/libc_nano.a(lib_a-errno.o)
 .debug_frame   0x0000000000000000       0x20 /opt/st/stm32cubeide_1.7.0/plugins/com.st.stm32cube.ide.mcu.externaltools.gnu-tools-for-stm32.9-2020-q2-update.linux64_2.0.0.202105311346/tools/bin/../lib/gcc/arm-none-eabi/9.3.1/../../../../arm-none-eabi/lib/thumb/v7e-m+fp/hard/libc_nano.a(lib_a-errno.o)
 .ARM.attributes
                0x0000000000000000       0x34 /opt/st/stm32cubeide_1.7.0/plugins/com.st.stm32cube.ide.mcu.externaltools.gnu-tools-for-stm32.9-2020-q2-update.linux64_2.0.0.202105311346/tools/bin/../lib/gcc/arm-none-eabi/9.3.1/../../../../arm-none-eabi/lib/thumb/v7e-m+fp/hard/libc_nano.a(lib_a-errno.o)
 .text          0x0000000000000000        0x0 /opt/st/stm32cubeide_1.7.0/plugins/com.st.stm32cube.ide.mcu.externaltools.gnu-tools-for-stm32.9-2020-q2-update.linux64_2.0.0.202105311346/tools/bin/../lib/gcc/arm-none-eabi/9.3.1/../../../../arm-none-eabi/lib/thumb/v7e-m+fp/hard/libc_nano.a(lib_a-exit.o)
 .data          0x0000000000000000        0x0 /opt/st/stm32cubeide_1.7.0/plugins/com.st.stm32cube.ide.mcu.externaltools.gnu-tools-for-stm32.9-2020-q2-update.linux64_2.0.0.202105311346/tools/bin/../lib/gcc/arm-none-eabi/9.3.1/../../../../arm-none-eabi/lib/thumb/v7e-m+fp/hard/libc_nano.a(lib_a-exit.o)
 .bss           0x0000000000000000        0x0 /opt/st/stm32cubeide_1.7.0/plugins/com.st.stm32cube.ide.mcu.externaltools.gnu-tools-for-stm32.9-2020-q2-update.linux64_2.0.0.202105311346/tools/bin/../lib/gcc/arm-none-eabi/9.3.1/../../../../arm-none-eabi/lib/thumb/v7e-m+fp/hard/libc_nano.a(lib_a-exit.o)
 .text.exit     0x0000000000000000       0x28 /opt/st/stm32cubeide_1.7.0/plugins/com.st.stm32cube.ide.mcu.externaltools.gnu-tools-for-stm32.9-2020-q2-update.linux64_2.0.0.202105311346/tools/bin/../lib/gcc/arm-none-eabi/9.3.1/../../../../arm-none-eabi/lib/thumb/v7e-m+fp/hard/libc_nano.a(lib_a-exit.o)
 .debug_frame   0x0000000000000000       0x28 /opt/st/stm32cubeide_1.7.0/plugins/com.st.stm32cube.ide.mcu.externaltools.gnu-tools-for-stm32.9-2020-q2-update.linux64_2.0.0.202105311346/tools/bin/../lib/gcc/arm-none-eabi/9.3.1/../../../../arm-none-eabi/lib/thumb/v7e-m+fp/hard/libc_nano.a(lib_a-exit.o)
 .ARM.attributes
                0x0000000000000000       0x34 /opt/st/stm32cubeide_1.7.0/plugins/com.st.stm32cube.ide.mcu.externaltools.gnu-tools-for-stm32.9-2020-q2-update.linux64_2.0.0.202105311346/tools/bin/../lib/gcc/arm-none-eabi/9.3.1/../../../../arm-none-eabi/lib/thumb/v7e-m+fp/hard/libc_nano.a(lib_a-exit.o)
 .text          0x0000000000000000        0x0 /opt/st/stm32cubeide_1.7.0/plugins/com.st.stm32cube.ide.mcu.externaltools.gnu-tools-for-stm32.9-2020-q2-update.linux64_2.0.0.202105311346/tools/bin/../lib/gcc/arm-none-eabi/9.3.1/../../../../arm-none-eabi/lib/thumb/v7e-m+fp/hard/libc_nano.a(lib_a-impure.o)
 .data          0x0000000000000000        0x0 /opt/st/stm32cubeide_1.7.0/plugins/com.st.stm32cube.ide.mcu.externaltools.gnu-tools-for-stm32.9-2020-q2-update.linux64_2.0.0.202105311346/tools/bin/../lib/gcc/arm-none-eabi/9.3.1/../../../../arm-none-eabi/lib/thumb/v7e-m+fp/hard/libc_nano.a(lib_a-impure.o)
 .bss           0x0000000000000000        0x0 /opt/st/stm32cubeide_1.7.0/plugins/com.st.stm32cube.ide.mcu.externaltools.gnu-tools-for-stm32.9-2020-q2-update.linux64_2.0.0.202105311346/tools/bin/../lib/gcc/arm-none-eabi/9.3.1/../../../../arm-none-eabi/lib/thumb/v7e-m+fp/hard/libc_nano.a(lib_a-impure.o)
 .data._impure_ptr
                0x0000000000000000        0x4 /opt/st/stm32cubeide_1.7.0/plugins/com.st.stm32cube.ide.mcu.externaltools.gnu-tools-for-stm32.9-2020-q2-update.linux64_2.0.0.202105311346/tools/bin/../lib/gcc/arm-none-eabi/9.3.1/../../../../arm-none-eabi/lib/thumb/v7e-m+fp/hard/libc_nano.a(lib_a-impure.o)
 .data.impure_data
                0x0000000000000000       0x60 /opt/st/stm32cubeide_1.7.0/plugins/com.st.stm32cube.ide.mcu.externaltools.gnu-tools-for-stm32.9-2020-q2-update.linux64_2.0.0.202105311346/tools/bin/../lib/gcc/arm-none-eabi/9.3.1/../../../../arm-none-eabi/lib/thumb/v7e-m+fp/hard/libc_nano.a(lib_a-impure.o)
 .rodata._global_impure_ptr
                0x0000000000000000        0x4 /opt/st/stm32cubeide_1.7.0/plugins/com.st.stm32cube.ide.mcu.externaltools.gnu-tools-for-stm32.9-2020-q2-update.linux64_2.0.0.202105311346/tools/bin/../lib/gcc/arm-none-eabi/9.3.1/../../../../arm-none-eabi/lib/thumb/v7e-m+fp/hard/libc_nano.a(lib_a-impure.o)
 .ARM.attributes
                0x0000000000000000       0x32 /opt/st/stm32cubeide_1.7.0/plugins/com.st.stm32cube.ide.mcu.externaltools.gnu-tools-for-stm32.9-2020-q2-update.linux64_2.0.0.202105311346/tools/bin/../lib/gcc/arm-none-eabi/9.3.1/../../../../arm-none-eabi/lib/thumb/v7e-m+fp/hard/libc_nano.a(lib_a-impure.o)
 .text          0x0000000000000000        0x0 /opt/st/stm32cubeide_1.7.0/plugins/com.st.stm32cube.ide.mcu.externaltools.gnu-tools-for-stm32.9-2020-q2-update.linux64_2.0.0.202105311346/tools/bin/../lib/gcc/arm-none-eabi/9.3.1/../../../../arm-none-eabi/lib/thumb/v7e-m+fp/hard/libc_nano.a(lib_a-init.o)
 .data          0x0000000000000000        0x0 /opt/st/stm32cubeide_1.7.0/plugins/com.st.stm32cube.ide.mcu.externaltools.gnu-tools-for-stm32.9-2020-q2-update.linux64_2.0.0.202105311346/tools/bin/../lib/gcc/arm-none-eabi/9.3.1/../../../../arm-none-eabi/lib/thumb/v7e-m+fp/hard/libc_nano.a(lib_a-init.o)
 .bss           0x0000000000000000        0x0 /opt/st/stm32cubeide_1.7.0/plugins/com.st.stm32cube.ide.mcu.externaltools.gnu-tools-for-stm32.9-2020-q2-update.linux64_2.0.0.202105311346/tools/bin/../lib/gcc/arm-none-eabi/9.3.1/../../../../arm-none-eabi/lib/thumb/v7e-m+fp/hard/libc_nano.a(lib_a-init.o)
 .text          0x0000000000000000        0x0 /opt/st/stm32cubeide_1.7.0/plugins/com.st.stm32cube.ide.mcu.externaltools.gnu-tools-for-stm32.9-2020-q2-update.linux64_2.0.0.202105311346/tools/bin/../lib/gcc/arm-none-eabi/9.3.1/../../../../arm-none-eabi/lib/thumb/v7e-m+fp/hard/libc_nano.a(lib_a-memset.o)
 .data          0x0000000000000000        0x0 /opt/st/stm32cubeide_1.7.0/plugins/com.st.stm32cube.ide.mcu.externaltools.gnu-tools-for-stm32.9-2020-q2-update.linux64_2.0.0.202105311346/tools/bin/../lib/gcc/arm-none-eabi/9.3.1/../../../../arm-none-eabi/lib/thumb/v7e-m+fp/hard/libc_nano.a(lib_a-memset.o)
 .bss           0x0000000000000000        0x0 /opt/st/stm32cubeide_1.7.0/plugins/com.st.stm32cube.ide.mcu.externaltools.gnu-tools-for-stm32.9-2020-q2-update.linux64_2.0.0.202105311346/tools/bin/../lib/gcc/arm-none-eabi/9.3.1/../../../../arm-none-eabi/lib/thumb/v7e-m+fp/hard/libc_nano.a(lib_a-memset.o)
 .text.memset   0x0000000000000000       0x10 /opt/st/stm32cubeide_1.7.0/plugins/com.st.stm32cube.ide.mcu.externaltools.gnu-tools-for-stm32.9-2020-q2-update.linux64_2.0.0.202105311346/tools/bin/../lib/gcc/arm-none-eabi/9.3.1/../../../../arm-none-eabi/lib/thumb/v7e-m+fp/hard/libc_nano.a(lib_a-memset.o)
 .debug_frame   0x0000000000000000       0x20 /opt/st/stm32cubeide_1.7.0/plugins/com.st.stm32cube.ide.mcu.externaltools.gnu-tools-for-stm32.9-2020-q2-update.linux64_2.0.0.202105311346/tools/bin/../lib/gcc/arm-none-eabi/9.3.1/../../../../arm-none-eabi/lib/thumb/v7e-m+fp/hard/libc_nano.a(lib_a-memset.o)
 .ARM.attributes
                0x0000000000000000       0x34 /opt/st/stm32cubeide_1.7.0/plugins/com.st.stm32cube.ide.mcu.externaltools.gnu-tools-for-stm32.9-2020-q2-update.linux64_2.0.0.202105311346/tools/bin/../lib/gcc/arm-none-eabi/9.3.1/../../../../arm-none-eabi/lib/thumb/v7e-m+fp/hard/libc_nano.a(lib_a-memset.o)
 .text          0x0000000000000000        0x0 /opt/st/stm32cubeide_1.7.0/plugins/com.st.stm32cube.ide.mcu.externaltools.gnu-tools-for-stm32.9-2020-q2-update.linux64_2.0.0.202105311346/tools/bin/../lib/gcc/arm-none-eabi/9.3.1/thumb/v7e-m+fp/hard/crtend.o
 .data          0x0000000000000000        0x0 /opt/st/stm32cubeide_1.7.0/plugins/com.st.stm32cube.ide.mcu.externaltools.gnu-tools-for-stm32.9-2020-q2-update.linux64_2.0.0.202105311346/tools/bin/../lib/gcc/arm-none-eabi/9.3.1/thumb/v7e-m+fp/hard/crtend.o
 .bss           0x0000000000000000        0x0 /opt/st/stm32cubeide_1.7.0/plugins/com.st.stm32cube.ide.mcu.externaltools.gnu-tools-for-stm32.9-2020-q2-update.linux64_2.0.0.202105311346/tools/bin/../lib/gcc/arm-none-eabi/9.3.1/thumb/v7e-m+fp/hard/crtend.o
 .eh_frame      0x0000000000000000        0x4 /opt/st/stm32cubeide_1.7.0/plugins/com.st.stm32cube.ide.mcu.externaltools.gnu-tools-for-stm32.9-2020-q2-update.linux64_2.0.0.202105311346/tools/bin/../lib/gcc/arm-none-eabi/9.3.1/thumb/v7e-m+fp/hard/crtend.o
 .ARM.attributes
                0x0000000000000000       0x32 /opt/st/stm32cubeide_1.7.0/plugins/com.st.stm32cube.ide.mcu.externaltools.gnu-tools-for-stm32.9-2020-q2-update.linux64_2.0.0.202105311346/tools/bin/../lib/gcc/arm-none-eabi/9.3.1/thumb/v7e-m+fp/hard/crtend.o
 .text          0x0000000000000000        0x0 /opt/st/stm32cubeide_1.7.0/plugins/com.st.stm32cube.ide.mcu.externaltools.gnu-tools-for-stm32.9-2020-q2-update.linux64_2.0.0.202105311346/tools/bin/../lib/gcc/arm-none-eabi/9.3.1/thumb/v7e-m+fp/hard/crtn.o
 .data          0x0000000000000000        0x0 /opt/st/stm32cubeide_1.7.0/plugins/com.st.stm32cube.ide.mcu.externaltools.gnu-tools-for-stm32.9-2020-q2-update.linux64_2.0.0.202105311346/tools/bin/../lib/gcc/arm-none-eabi/9.3.1/thumb/v7e-m+fp/hard/crtn.o
 .bss           0x0000000000000000        0x0 /opt/st/stm32cubeide_1.7.0/plugins/com.st.stm32cube.ide.mcu.externaltools.gnu-tools-for-stm32.9-2020-q2-update.linux64_2.0.0.202105311346/tools/bin/../lib/gcc/arm-none-eabi/9.3.1/thumb/v7e-m+fp/hard/crtn.o

Memory Configuration

Name             Origin             Length             Attributes
RAM              0x0000000020000000 0x0000000000020000 xrw
FLASH            0x0000000008000000 0x0000000000080000 xr
*default*        0x0000000000000000 0xffffffffffffffff

Linker script and memory map

LOAD /opt/st/stm32cubeide_1.7.0/plugins/com.st.stm32cube.ide.mcu.externaltools.gnu-tools-for-stm32.9-2020-q2-update.linux64_2.0.0.202105311346/tools/bin/../lib/gcc/arm-none-eabi/9.3.1/thumb/v7e-m+fp/hard/crti.o
LOAD /opt/st/stm32cubeide_1.7.0/plugins/com.st.stm32cube.ide.mcu.externaltools.gnu-tools-for-stm32.9-2020-q2-update.linux64_2.0.0.202105311346/tools/bin/../lib/gcc/arm-none-eabi/9.3.1/thumb/v7e-m+fp/hard/crtbegin.o
LOAD /opt/st/stm32cubeide_1.7.0/plugins/com.st.stm32cube.ide.mcu.externaltools.gnu-tools-for-stm32.9-2020-q2-update.linux64_2.0.0.202105311346/tools/bin/../lib/gcc/arm-none-eabi/9.3.1/../../../../arm-none-eabi/lib/thumb/v7e-m+fp/hard/crt0.o
LOAD ./drivers/src/stm32f446xx_gpio.o
LOAD ./drivers/src/stm32f446xx_spi.o
LOAD ./src/008SPICmdHandling.o
LOAD ./src/syscalls.o
LOAD ./src/sysmem.o
LOAD ./startup/startup_stm32f446retx.o
START GROUP
LOAD /opt/st/stm32cubeide_1.7.0/plugins/com.st.stm32cube.ide.mcu.externaltools.gnu-tools-for-stm32.9-2020-q2-update.linux64_2.0.0.202105311346/tools/bin/../lib/gcc/arm-none-eabi/9.3.1/../../../../arm-none-eabi/lib/thumb/v7e-m+fp/hard/libc_nano.a
LOAD /opt/st/stm32cubeide_1.7.0/plugins/com.st.stm32cube.ide.mcu.externaltools.gnu-tools-for-stm32.9-2020-q2-update.linux64_2.0.0.202105311346/tools/bin/../lib/gcc/arm-none-eabi/9.3.1/../../../../arm-none-eabi/lib/thumb/v7e-m+fp/hard/libm.a
END GROUP
START GROUP
LOAD /opt/st/stm32cubeide_1.7.0/plugins/com.st.stm32cube.ide.mcu.externaltools.gnu-tools-for-stm32.9-2020-q2-update.linux64_2.0.0.202105311346/tools/bin/../lib/gcc/arm-none-eabi/9.3.1/thumb/v7e-m+fp/hard/libgcc.a
LOAD /opt/st/stm32cubeide_1.7.0/plugins/com.st.stm32cube.ide.mcu.externaltools.gnu-tools-for-stm32.9-2020-q2-update.linux64_2.0.0.202105311346/tools/bin/../lib/gcc/arm-none-eabi/9.3.1/../../../../arm-none-eabi/lib/thumb/v7e-m+fp/hard/libc_nano.a
END GROUP
START GROUP
LOAD /opt/st/stm32cubeide_1.7.0/plugins/com.st.stm32cube.ide.mcu.externaltools.gnu-tools-for-stm32.9-2020-q2-update.linux64_2.0.0.202105311346/tools/bin/../lib/gcc/arm-none-eabi/9.3.1/thumb/v7e-m+fp/hard/libgcc.a
LOAD /opt/st/stm32cubeide_1.7.0/plugins/com.st.stm32cube.ide.mcu.externaltools.gnu-tools-for-stm32.9-2020-q2-update.linux64_2.0.0.202105311346/tools/bin/../lib/gcc/arm-none-eabi/9.3.1/../../../../arm-none-eabi/lib/thumb/v7e-m+fp/hard/libc_nano.a
LOAD /opt/st/stm32cubeide_1.7.0/plugins/com.st.stm32cube.ide.mcu.externaltools.gnu-tools-for-stm32.9-2020-q2-update.linux64_2.0.0.202105311346/tools/bin/../lib/gcc/arm-none-eabi/9.3.1/../../../../arm-none-eabi/lib/thumb/v7e-m+fp/hard/libnosys.a
END GROUP
START GROUP
LOAD /opt/st/stm32cubeide_1.7.0/plugins/com.st.stm32cube.ide.mcu.externaltools.gnu-tools-for-stm32.9-2020-q2-update.linux64_2.0.0.202105311346/tools/bin/../lib/gcc/arm-none-eabi/9.3.1/thumb/v7e-m+fp/hard/libgcc.a
LOAD /opt/st/stm32cubeide_1.7.0/plugins/com.st.stm32cube.ide.mcu.externaltools.gnu-tools-for-stm32.9-2020-q2-update.linux64_2.0.0.202105311346/tools/bin/../lib/gcc/arm-none-eabi/9.3.1/../../../../arm-none-eabi/lib/thumb/v7e-m+fp/hard/libc_nano.a
LOAD /opt/st/stm32cubeide_1.7.0/plugins/com.st.stm32cube.ide.mcu.externaltools.gnu-tools-for-stm32.9-2020-q2-update.linux64_2.0.0.202105311346/tools/bin/../lib/gcc/arm-none-eabi/9.3.1/../../../../arm-none-eabi/lib/thumb/v7e-m+fp/hard/libnosys.a
END GROUP
LOAD /opt/st/stm32cubeide_1.7.0/plugins/com.st.stm32cube.ide.mcu.externaltools.gnu-tools-for-stm32.9-2020-q2-update.linux64_2.0.0.202105311346/tools/bin/../lib/gcc/arm-none-eabi/9.3.1/thumb/v7e-m+fp/hard/crtend.o
LOAD /opt/st/stm32cubeide_1.7.0/plugins/com.st.stm32cube.ide.mcu.externaltools.gnu-tools-for-stm32.9-2020-q2-update.linux64_2.0.0.202105311346/tools/bin/../lib/gcc/arm-none-eabi/9.3.1/thumb/v7e-m+fp/hard/crtn.o
                0x0000000020020000                _estack = (ORIGIN (RAM) + LENGTH (RAM))
                0x0000000000000200                _Min_Heap_Size = 0x200
                0x0000000000000400                _Min_Stack_Size = 0x400

.isr_vector     0x0000000008000000      0x1c4
                0x0000000008000000                . = ALIGN (0x4)
 *(.isr_vector)
 .isr_vector    0x0000000008000000      0x1c4 ./startup/startup_stm32f446retx.o
                0x0000000008000000                g_pfnVectors
                0x00000000080001c4                . = ALIGN (0x4)

.text           0x00000000080001c4      0xb5c
                0x00000000080001c4                . = ALIGN (0x4)
 *(.text)
 .text          0x00000000080001c4       0x40 /opt/st/stm32cubeide_1.7.0/plugins/com.st.stm32cube.ide.mcu.externaltools.gnu-tools-for-stm32.9-2020-q2-update.linux64_2.0.0.202105311346/tools/bin/../lib/gcc/arm-none-eabi/9.3.1/thumb/v7e-m+fp/hard/crtbegin.o
 *(.text*)
 .text.GPIO_PeriphClkControl
                0x0000000008000204      0x18c ./drivers/src/stm32f446xx_gpio.o
                0x0000000008000204                GPIO_PeriphClkControl
 .text.GPIO_Init
                0x0000000008000390      0x318 ./drivers/src/stm32f446xx_gpio.o
                0x0000000008000390                GPIO_Init
 .text.GPIO_ReadInputPin
                0x00000000080006a8       0x2a ./drivers/src/stm32f446xx_gpio.o
                0x00000000080006a8                GPIO_ReadInputPin
 *fill*         0x00000000080006d2        0x2 
 .text.SPI_PeriphClkControl
                0x00000000080006d4       0xd4 ./drivers/src/stm32f446xx_spi.o
                0x00000000080006d4                SPI_PeriphClkControl
 .text.SPI_PeriphControl
                0x00000000080007a8       0x38 ./drivers/src/stm32f446xx_spi.o
                0x00000000080007a8                SPI_PeriphControl
 .text.SPI_Init
                0x00000000080007e0       0xa8 ./drivers/src/stm32f446xx_spi.o
                0x00000000080007e0                SPI_Init
 .text.SPI_GetFlagStatus
                0x0000000008000888       0x26 ./drivers/src/stm32f446xx_spi.o
                0x0000000008000888                SPI_GetFlagStatus
 .text.SPI_Tx   0x00000000080008ae       0x6e ./drivers/src/stm32f446xx_spi.o
                0x00000000080008ae                SPI_Tx
 .text.SPI_Rx   0x000000000800091c       0x6e ./drivers/src/stm32f446xx_spi.o
                0x000000000800091c                SPI_Rx
 .text.SPI_SSIConfig
                0x000000000800098a       0x38 ./drivers/src/stm32f446xx_spi.o
                0x000000000800098a                SPI_SSIConfig
 .text.SPI_SSOEConfig
                0x00000000080009c2       0x38 ./drivers/src/stm32f446xx_spi.o
                0x00000000080009c2                SPI_SSOEConfig
 .text.delay    0x00000000080009fa       0x2a ./src/008SPICmdHandling.o
                0x00000000080009fa                delay
 .text.SPI_VerifyResponse
                0x0000000008000a24       0x22 ./src/008SPICmdHandling.o
                0x0000000008000a24                SPI_VerifyResponse
 *fill*         0x0000000008000a46        0x2 
 .text.GPIO_ButtonInits
                0x0000000008000a48       0x30 ./src/008SPICmdHandling.o
                0x0000000008000a48                GPIO_ButtonInits
 .text.SPI1_GPIOInits
                0x0000000008000a78       0x50 ./src/008SPICmdHandling.o
                0x0000000008000a78                SPI1_GPIOInits
 .text.SPI1_Inits
                0x0000000008000ac8       0x3c ./src/008SPICmdHandling.o
                0x0000000008000ac8                SPI1_Inits
 .text.main     0x0000000008000b04      0x168 ./src/008SPICmdHandling.o
                0x0000000008000b04                main
 .text.Reset_Handler
                0x0000000008000c6c       0x50 ./startup/startup_stm32f446retx.o
                0x0000000008000c6c                Reset_Handler
 .text.Default_Handler
                0x0000000008000cbc        0x2 ./startup/startup_stm32f446retx.o
                0x0000000008000cbc                RTC_Alarm_IRQHandler
                0x0000000008000cbc                EXTI2_IRQHandler
                0x0000000008000cbc                TIM8_CC_IRQHandler
                0x0000000008000cbc                SPDIF_Rx_IRQHandler
                0x0000000008000cbc                DebugMon_Handler
                0x0000000008000cbc                SPI4_IRQHandler
                0x0000000008000cbc                TIM1_CC_IRQHandler
                0x0000000008000cbc                QuadSPI_IRQHandler
                0x0000000008000cbc                DMA2_Stream5_IRQHandler
                0x0000000008000cbc                HardFault_Handler
                0x0000000008000cbc                DMA1_Stream5_IRQHandler
                0x0000000008000cbc                SysTick_Handler
                0x0000000008000cbc                PVD_IRQHandler
                0x0000000008000cbc                SDIO_IRQHandler
                0x0000000008000cbc                TAMP_STAMP_IRQHandler
                0x0000000008000cbc                PendSV_Handler
                0x0000000008000cbc                NMI_Handler
                0x0000000008000cbc                CAN2_RX1_IRQHandler
                0x0000000008000cbc                EXTI3_IRQHandler
                0x0000000008000cbc                TIM8_TRG_COM_TIM14_IRQHandler
                0x0000000008000cbc                TIM1_UP_TIM10_IRQHandler
                0x0000000008000cbc                FMPI2C1_error_IRQHandler
                0x0000000008000cbc                TIM8_UP_TIM13_IRQHandler
                0x0000000008000cbc                I2C3_ER_IRQHandler
                0x0000000008000cbc                EXTI0_IRQHandler
                0x0000000008000cbc                I2C2_EV_IRQHandler
                0x0000000008000cbc                DMA1_Stream2_IRQHandler
                0x0000000008000cbc                CAN1_RX0_IRQHandler
                0x0000000008000cbc                FPU_IRQHandler
                0x0000000008000cbc                OTG_HS_WKUP_IRQHandler
                0x0000000008000cbc                UsageFault_Handler
                0x0000000008000cbc                CAN2_SCE_IRQHandler
                0x0000000008000cbc                DMA2_Stream2_IRQHandler
                0x0000000008000cbc                SPI1_IRQHandler
                0x0000000008000cbc                TIM6_DAC_IRQHandler
                0x0000000008000cbc                TIM1_BRK_TIM9_IRQHandler
                0x0000000008000cbc                DCMI_IRQHandler
                0x0000000008000cbc                CAN2_RX0_IRQHandler
                0x0000000008000cbc                DMA2_Stream3_IRQHandler
                0x0000000008000cbc                FMPI2C1_IRQHandler
                0x0000000008000cbc                SAI2_IRQHandler
                0x0000000008000cbc                USART6_IRQHandler
                0x0000000008000cbc                USART3_IRQHandler
                0x0000000008000cbc                CAN1_RX1_IRQHandler
                0x0000000008000cbc                UART5_IRQHandler
                0x0000000008000cbc                DMA2_Stream0_IRQHandler
                0x0000000008000cbc                TIM4_IRQHandler
                0x0000000008000cbc                I2C1_EV_IRQHandler
                0x0000000008000cbc                HDMI_CEC_IRQHandler
                0x0000000008000cbc                DMA1_Stream6_IRQHandler
                0x0000000008000cbc                DMA1_Stream1_IRQHandler
                0x0000000008000cbc                UART4_IRQHandler
                0x0000000008000cbc                TIM3_IRQHandler
                0x0000000008000cbc                RCC_IRQHandler
                0x0000000008000cbc                TIM8_BRK_TIM12_IRQHandler
                0x0000000008000cbc                Default_Handler
                0x0000000008000cbc                EXTI15_10_IRQHandler
                0x0000000008000cbc                ADC_IRQHandler
                0x0000000008000cbc                DMA1_Stream7_IRQHandler
                0x0000000008000cbc                TIM7_IRQHandler
                0x0000000008000cbc                CAN2_TX_IRQHandler
                0x0000000008000cbc                TIM5_IRQHandler
                0x0000000008000cbc                DMA2_Stream7_IRQHandler
                0x0000000008000cbc                I2C3_EV_IRQHandler
                0x0000000008000cbc                EXTI9_5_IRQHandler
                0x0000000008000cbc                RTC_WKUP_IRQHandler
                0x0000000008000cbc                SPI2_IRQHandler
                0x0000000008000cbc                OTG_HS_EP1_IN_IRQHandler
                0x0000000008000cbc                MemManage_Handler
                0x0000000008000cbc                DMA1_Stream0_IRQHandler
                0x0000000008000cbc                CAN1_TX_IRQHandler
                0x0000000008000cbc                SVC_Handler
                0x0000000008000cbc                EXTI4_IRQHandler
                0x0000000008000cbc                OTG_HS_EP1_OUT_IRQHandler
                0x0000000008000cbc                WWDG_IRQHandler
                0x0000000008000cbc                TIM2_IRQHandler
                0x0000000008000cbc                OTG_FS_WKUP_IRQHandler
                0x0000000008000cbc                TIM1_TRG_COM_TIM11_IRQHandler
                0x0000000008000cbc                OTG_HS_IRQHandler
                0x0000000008000cbc                EXTI1_IRQHandler
                0x0000000008000cbc                USART2_IRQHandler
                0x0000000008000cbc                I2C2_ER_IRQHandler
                0x0000000008000cbc                DMA2_Stream1_IRQHandler
                0x0000000008000cbc                CAN1_SCE_IRQHandler
                0x0000000008000cbc                FLASH_IRQHandler
                0x0000000008000cbc                DMA2_Stream4_IRQHandler
                0x0000000008000cbc                BusFault_Handler
                0x0000000008000cbc                USART1_IRQHandler
                0x0000000008000cbc                OTG_FS_IRQHandler
                0x0000000008000cbc                SPI3_IRQHandler
                0x0000000008000cbc                DMA1_Stream4_IRQHandler
                0x0000000008000cbc                I2C1_ER_IRQHandler
                0x0000000008000cbc                FMC_IRQHandler
                0x0000000008000cbc                DMA2_Stream6_IRQHandler
                0x0000000008000cbc                SAI1_IRQHandler
                0x0000000008000cbc                DMA1_Stream3_IRQHandler
 *fill*         0x0000000008000cbe        0x2 
 .text.__libc_init_array
                0x0000000008000cc0       0x48 /opt/st/stm32cubeide_1.7.0/plugins/com.st.stm32cube.ide.mcu.externaltools.gnu-tools-for-stm32.9-2020-q2-update.linux64_2.0.0.202105311346/tools/bin/../lib/gcc/arm-none-eabi/9.3.1/../../../../arm-none-eabi/lib/thumb/v7e-m+fp/hard/libc_nano.a(lib_a-init.o)
                0x0000000008000cc0                __libc_init_array
 *(.glue_7)
 .glue_7        0x0000000008000d08        0x0 linker stubs
 *(.glue_7t)
 .glue_7t       0x0000000008000d08        0x0 linker stubs
 *(.eh_frame)
 .eh_frame      0x0000000008000d08        0x0 /opt/st/stm32cubeide_1.7.0/plugins/com.st.stm32cube.ide.mcu.externaltools.gnu-tools-for-stm32.9-2020-q2-update.linux64_2.0.0.202105311346/tools/bin/../lib/gcc/arm-none-eabi/9.3.1/thumb/v7e-m+fp/hard/crtbegin.o
 *(.init)
 .init          0x0000000008000d08        0x4 /opt/st/stm32cubeide_1.7.0/plugins/com.st.stm32cube.ide.mcu.externaltools.gnu-tools-for-stm32.9-2020-q2-update.linux64_2.0.0.202105311346/tools/bin/../lib/gcc/arm-none-eabi/9.3.1/thumb/v7e-m+fp/hard/crti.o
                0x0000000008000d08                _init
 .init          0x0000000008000d0c        0x8 /opt/st/stm32cubeide_1.7.0/plugins/com.st.stm32cube.ide.mcu.externaltools.gnu-tools-for-stm32.9-2020-q2-update.linux64_2.0.0.202105311346/tools/bin/../lib/gcc/arm-none-eabi/9.3.1/thumb/v7e-m+fp/hard/crtn.o
 *(.fini)
 .fini          0x0000000008000d14        0x4 /opt/st/stm32cubeide_1.7.0/plugins/com.st.stm32cube.ide.mcu.externaltools.gnu-tools-for-stm32.9-2020-q2-update.linux64_2.0.0.202105311346/tools/bin/../lib/gcc/arm-none-eabi/9.3.1/thumb/v7e-m+fp/hard/crti.o
                0x0000000008000d14                _fini
 .fini          0x0000000008000d18        0x8 /opt/st/stm32cubeide_1.7.0/plugins/com.st.stm32cube.ide.mcu.externaltools.gnu-tools-for-stm32.9-2020-q2-update.linux64_2.0.0.202105311346/tools/bin/../lib/gcc/arm-none-eabi/9.3.1/thumb/v7e-m+fp/hard/crtn.o
                0x0000000008000d20                . = ALIGN (0x4)
                0x0000000008000d20                _etext = .

.vfp11_veneer   0x0000000008000d20        0x0
 .vfp11_veneer  0x0000000008000d20        0x0 linker stubs

.v4_bx          0x0000000008000d20        0x0
 .v4_bx         0x0000000008000d20        0x0 linker stubs

.iplt           0x0000000008000d20        0x0
 .iplt          0x0000000008000d20        0x0 /opt/st/stm32cubeide_1.7.0/plugins/com.st.stm32cube.ide.mcu.externaltools.gnu-tools-for-stm32.9-2020-q2-update.linux64_2.0.0.202105311346/tools/bin/../lib/gcc/arm-none-eabi/9.3.1/thumb/v7e-m+fp/hard/crtbegin.o

.rel.dyn        0x0000000008000d20        0x0
 .rel.iplt      0x0000000008000d20        0x0 /opt/st/stm32cubeide_1.7.0/plugins/com.st.stm32cube.ide.mcu.externaltools.gnu-tools-for-stm32.9-2020-q2-update.linux64_2.0.0.202105311346/tools/bin/../lib/gcc/arm-none-eabi/9.3.1/thumb/v7e-m+fp/hard/crtbegin.o

.rodata         0x0000000008000d20        0x0
                0x0000000008000d20                . = ALIGN (0x4)
 *(.rodata)
 *(.rodata*)
                0x0000000008000d20                . = ALIGN (0x4)

.ARM.extab      0x0000000008000d20        0x0
                0x0000000008000d20                . = ALIGN (0x4)
 *(.ARM.extab* .gnu.linkonce.armextab.*)
                0x0000000008000d20                . = ALIGN (0x4)

.ARM            0x0000000008000d20        0x0
                0x0000000008000d20                . = ALIGN (0x4)
                0x0000000008000d20                __exidx_start = .
 *(.ARM.exidx*)
                0x0000000008000d20                __exidx_end = .
                0x0000000008000d20                . = ALIGN (0x4)

.preinit_array  0x0000000008000d20        0x0
                0x0000000008000d20                . = ALIGN (0x4)
                0x0000000008000d20                PROVIDE (__preinit_array_start = .)
 *(.preinit_array*)
                0x0000000008000d20                PROVIDE (__preinit_array_end = .)
                0x0000000008000d20                . = ALIGN (0x4)

.init_array     0x0000000008000d20        0x4
                0x0000000008000d20                . = ALIGN (0x4)
                0x0000000008000d20                PROVIDE (__init_array_start = .)
 *(SORT_BY_NAME(.init_array.*))
 *(.init_array*)
 .init_array    0x0000000008000d20        0x4 /opt/st/stm32cubeide_1.7.0/plugins/com.st.stm32cube.ide.mcu.externaltools.gnu-tools-for-stm32.9-2020-q2-update.linux64_2.0.0.202105311346/tools/bin/../lib/gcc/arm-none-eabi/9.3.1/thumb/v7e-m+fp/hard/crtbegin.o
                0x0000000008000d24                PROVIDE (__init_array_end = .)
                0x0000000008000d24                . = ALIGN (0x4)

.fini_array     0x0000000008000d24        0x4
                0x0000000008000d24                . = ALIGN (0x4)
                [!provide]                        PROVIDE (__fini_array_start = .)
 *(SORT_BY_NAME(.fini_array.*))
 *(.fini_array*)
 .fini_array    0x0000000008000d24        0x4 /opt/st/stm32cubeide_1.7.0/plugins/com.st.stm32cube.ide.mcu.externaltools.gnu-tools-for-stm32.9-2020-q2-update.linux64_2.0.0.202105311346/tools/bin/../lib/gcc/arm-none-eabi/9.3.1/thumb/v7e-m+fp/hard/crtbegin.o
                [!provide]                        PROVIDE (__fini_array_end = .)
                0x0000000008000d28                . = ALIGN (0x4)
                0x0000000008000d28                _sidata = LOADADDR (.data)

.data           0x0000000020000000        0x0 load address 0x0000000008000d28
                0x0000000020000000                . = ALIGN (0x4)
                0x0000000020000000                _sdata = .
 *(.data)
 *(.data*)
 *(.RamFunc)
 *(.RamFunc*)
                0x0000000020000000                . = ALIGN (0x4)
                0x0000000020000000                _edata = .

.igot.plt       0x0000000020000000        0x0 load address 0x0000000008000d28
 .igot.plt      0x0000000020000000        0x0 /opt/st/stm32cubeide_1.7.0/plugins/com.st.stm32cube.ide.mcu.externaltools.gnu-tools-for-stm32.9-2020-q2-update.linux64_2.0.0.202105311346/tools/bin/../lib/gcc/arm-none-eabi/9.3.1/thumb/v7e-m+fp/hard/crtbegin.o
                0x0000000020000000                . = ALIGN (0x4)

.bss            0x0000000020000000       0x1c load address 0x0000000008000d28
                0x0000000020000000                _sbss = .
                0x0000000020000000                __bss_start__ = _sbss
 *(.bss)
 .bss           0x0000000020000000       0x1c /opt/st/stm32cubeide_1.7.0/plugins/com.st.stm32cube.ide.mcu.externaltools.gnu-tools-for-stm32.9-2020-q2-update.linux64_2.0.0.202105311346/tools/bin/../lib/gcc/arm-none-eabi/9.3.1/thumb/v7e-m+fp/hard/crtbegin.o
 *(.bss*)
 *(COMMON)
                0x000000002000001c                . = ALIGN (0x4)
                0x000000002000001c                _ebss = .
                0x000000002000001c                __bss_end__ = _ebss

._user_heap_stack
                0x000000002000001c      0x604 load address 0x0000000008000d28
                0x0000000020000020                . = ALIGN (0x8)
 *fill*         0x000000002000001c        0x4 
                [!provide]                        PROVIDE (end = .)
                0x0000000020000020                PROVIDE (_end = .)
                0x0000000020000220                . = (. + _Min_Heap_Size)
 *fill*         0x0000000020000020      0x200 
                0x0000000020000620                . = (. + _Min_Stack_Size)
 *fill*         0x0000000020000220      0x400 
                0x0000000020000620                . = ALIGN (0x8)

/DISCARD/
 libc.a(*)
 libm.a(*)
 libgcc.a(*)

.ARM.attributes
                0x0000000000000000       0x30
 *(.ARM.attributes)
 .ARM.attributes
                0x0000000000000000       0x1e /opt/st/stm32cubeide_1.7.0/plugins/com.st.stm32cube.ide.mcu.externaltools.gnu-tools-for-stm32.9-2020-q2-update.linux64_2.0.0.202105311346/tools/bin/../lib/gcc/arm-none-eabi/9.3.1/thumb/v7e-m+fp/hard/crti.o
 .ARM.attributes
                0x000000000000001e       0x34 /opt/st/stm32cubeide_1.7.0/plugins/com.st.stm32cube.ide.mcu.externaltools.gnu-tools-for-stm32.9-2020-q2-update.linux64_2.0.0.202105311346/tools/bin/../lib/gcc/arm-none-eabi/9.3.1/thumb/v7e-m+fp/hard/crtbegin.o
 .ARM.attributes
                0x0000000000000052       0x34 ./drivers/src/stm32f446xx_gpio.o
 .ARM.attributes
                0x0000000000000086       0x34 ./drivers/src/stm32f446xx_spi.o
 .ARM.attributes
                0x00000000000000ba       0x34 ./src/008SPICmdHandling.o
 .ARM.attributes
                0x00000000000000ee       0x21 ./startup/startup_stm32f446retx.o
 .ARM.attributes
                0x000000000000010f       0x34 /opt/st/stm32cubeide_1.7.0/plugins/com.st.stm32cube.ide.mcu.externaltools.gnu-tools-for-stm32.9-2020-q2-update.linux64_2.0.0.202105311346/tools/bin/../lib/gcc/arm-none-eabi/9.3.1/../../../../arm-none-eabi/lib/thumb/v7e-m+fp/hard/libc_nano.a(lib_a-init.o)
 .ARM.attributes
                0x0000000000000143       0x1e /opt/st/stm32cubeide_1.7.0/plugins/com.st.stm32cube.ide.mcu.externaltools.gnu-tools-for-stm32.9-2020-q2-update.linux64_2.0.0.202105311346/tools/bin/../lib/gcc/arm-none-eabi/9.3.1/thumb/v7e-m+fp/hard/crtn.o
OUTPUT(stm32f4xx_drivers.elf elf32-littlearm)
LOAD linker stubs
LOAD /opt/st/stm32cubeide_1.7.0/plugins/com.st.stm32cube.ide.mcu.externaltools.gnu-tools-for-stm32.9-2020-q2-update.linux64_2.0.0.202105311346/tools/bin/../lib/gcc/arm-none-eabi/9.3.1/../../../../arm-none-eabi/lib/thumb/v7e-m+fp/hard/libc.a
LOAD /opt/st/stm32cubeide_1.7.0/plugins/com.st.stm32cube.ide.mcu.externaltools.gnu-tools-for-stm32.9-2020-q2-update.linux64_2.0.0.202105311346/tools/bin/../lib/gcc/arm-none-eabi/9.3.1/../../../../arm-none-eabi/lib/thumb/v7e-m+fp/hard/libm.a
LOAD /opt/st/stm32cubeide_1.7.0/plugins/com.st.stm32cube.ide.mcu.externaltools.gnu-tools-for-stm32.9-2020-q2-update.linux64_2.0.0.202105311346/tools/bin/../lib/gcc/arm-none-eabi/9.3.1/thumb/v7e-m+fp/hard/libgcc.a

.debug_info     0x0000000000000000     0x1e07
 .debug_info    0x0000000000000000      0x7c5 ./drivers/src/stm32f446xx_gpio.o
 .debug_info    0x00000000000007c5      0x8c4 ./drivers/src/stm32f446xx_spi.o
 .debug_info    0x0000000000001089      0xd5c ./src/008SPICmdHandling.o
 .debug_info    0x0000000000001de5       0x22 ./startup/startup_stm32f446retx.o

.debug_abbrev   0x0000000000000000      0x584
 .debug_abbrev  0x0000000000000000      0x17a ./drivers/src/stm32f446xx_gpio.o
 .debug_abbrev  0x000000000000017a      0x1dc ./drivers/src/stm32f446xx_spi.o
 .debug_abbrev  0x0000000000000356      0x21c ./src/008SPICmdHandling.o
 .debug_abbrev  0x0000000000000572       0x12 ./startup/startup_stm32f446retx.o

.debug_aranges  0x0000000000000000      0x198
 .debug_aranges
                0x0000000000000000       0x70 ./drivers/src/stm32f446xx_gpio.o
 .debug_aranges
                0x0000000000000070       0xb8 ./drivers/src/stm32f446xx_spi.o
 .debug_aranges
                0x0000000000000128       0x48 ./src/008SPICmdHandling.o
 .debug_aranges
                0x0000000000000170       0x28 ./startup/startup_stm32f446retx.o

.debug_ranges   0x0000000000000000      0x160
 .debug_ranges  0x0000000000000000       0x60 ./drivers/src/stm32f446xx_gpio.o
 .debug_ranges  0x0000000000000060       0xa8 ./drivers/src/stm32f446xx_spi.o
 .debug_ranges  0x0000000000000108       0x38 ./src/008SPICmdHandling.o
 .debug_ranges  0x0000000000000140       0x20 ./startup/startup_stm32f446retx.o

.debug_macro    0x0000000000000000     0x27ae
 .debug_macro   0x0000000000000000       0x8a ./drivers/src/stm32f446xx_gpio.o
 .debug_macro   0x000000000000008a      0xab4 ./drivers/src/stm32f446xx_gpio.o
 .debug_macro   0x0000000000000b3e       0x22 ./drivers/src/stm32f446xx_gpio.o
 .debug_macro   0x0000000000000b60       0x8e ./drivers/src/stm32f446xx_gpio.o
 .debug_macro   0x0000000000000bee       0x51 ./drivers/src/stm32f446xx_gpio.o
 .debug_macro   0x0000000000000c3f      0x103 ./drivers/src/stm32f446xx_gpio.o
 .debug_macro   0x0000000000000d42       0x6a ./drivers/src/stm32f446xx_gpio.o
 .debug_macro   0x0000000000000dac      0x1df ./drivers/src/stm32f446xx_gpio.o
 .debug_macro   0x0000000000000f8b      0x174 ./drivers/src/stm32f446xx_gpio.o
 .debug_macro   0x00000000000010ff      0x9d5 ./drivers/src/stm32f446xx_gpio.o
 .debug_macro   0x0000000000001ad4       0xc4 ./drivers/src/stm32f446xx_gpio.o
 .debug_macro   0x0000000000001b98       0x8a ./drivers/src/stm32f446xx_spi.o
 .debug_macro   0x0000000000001c22       0xe8 ./drivers/src/stm32f446xx_spi.o
 .debug_macro   0x0000000000001d0a      0x1ad ./src/008SPICmdHandling.o
 .debug_macro   0x0000000000001eb7       0x4c ./src/008SPICmdHandling.o
 .debug_macro   0x0000000000001f03       0x18 ./src/008SPICmdHandling.o
 .debug_macro   0x0000000000001f1b       0x94 ./src/008SPICmdHandling.o
 .debug_macro   0x0000000000001faf       0x3c ./src/008SPICmdHandling.o
 .debug_macro   0x0000000000001feb       0x34 ./src/008SPICmdHandling.o
 .debug_macro   0x000000000000201f       0x16 ./src/008SPICmdHandling.o
 .debug_macro   0x0000000000002035       0x43 ./src/008SPICmdHandling.o
 .debug_macro   0x0000000000002078       0x57 ./src/008SPICmdHandling.o
 .debug_macro   0x00000000000020cf       0x34 ./src/008SPICmdHandling.o
 .debug_macro   0x0000000000002103       0x10 ./src/008SPICmdHandling.o
 .debug_macro   0x0000000000002113       0x58 ./src/008SPICmdHandling.o
 .debug_macro   0x000000000000216b       0x71 ./src/008SPICmdHandling.o
 .debug_macro   0x00000000000021dc       0x1c ./src/008SPICmdHandling.o
 .debug_macro   0x00000000000021f8      0x12a ./src/008SPICmdHandling.o
 .debug_macro   0x0000000000002322      0x339 ./src/008SPICmdHandling.o
 .debug_macro   0x000000000000265b       0x10 ./src/008SPICmdHandling.o
 .debug_macro   0x000000000000266b       0x35 ./src/008SPICmdHandling.o
 .debug_macro   0x00000000000026a0       0x20 ./src/008SPICmdHandling.o
 .debug_macro   0x00000000000026c0       0xee ./src/008SPICmdHandling.o

.debug_line     0x0000000000000000     0x1950
 .debug_line    0x0000000000000000      0x93a ./drivers/src/stm32f446xx_gpio.o
 .debug_line    0x000000000000093a      0x900 ./drivers/src/stm32f446xx_spi.o
 .debug_line    0x000000000000123a      0x692 ./src/008SPICmdHandling.o
 .debug_line    0x00000000000018cc       0x84 ./startup/startup_stm32f446retx.o

.debug_str      0x0000000000000000     0xb09e
 .debug_str     0x0000000000000000     0x7759 ./drivers/src/stm32f446xx_gpio.o
                                       0x7977 (size before relaxing)
 .debug_str     0x0000000000007759      0x5db ./drivers/src/stm32f446xx_spi.o
                                       0x7b4e (size before relaxing)
 .debug_str     0x0000000000007d34     0x3339 ./src/008SPICmdHandling.o
                                       0xae78 (size before relaxing)
 .debug_str     0x000000000000b06d       0x31 ./startup/startup_stm32f446retx.o
                                         0x69 (size before relaxing)

.comment        0x0000000000000000       0x53
 .comment       0x0000000000000000       0x53 ./drivers/src/stm32f446xx_gpio.o
                                         0x54 (size before relaxing)
 .comment       0x0000000000000053       0x54 ./drivers/src/stm32f446xx_spi.o
 .comment       0x0000000000000053       0x54 ./src/008SPICmdHandling.o

.debug_frame    0x0000000000000000      0x5f4
 .debug_frame   0x0000000000000000      0x1c8 ./drivers/src/stm32f446xx_gpio.o
 .debug_frame   0x00000000000001c8      0x314 ./drivers/src/stm32f446xx_spi.o
 .debug_frame   0x00000000000004dc       0xec ./src/008SPICmdHandling.o
 .debug_frame   0x00000000000005c8       0x2c /opt/st/stm32cubeide_1.7.0/plugins/com.st.stm32cube.ide.mcu.externaltools.gnu-tools-for-stm32.9-2020-q2-update.linux64_2.0.0.202105311346/tools/bin/../lib/gcc/arm-none-eabi/9.3.1/../../../../arm-none-eabi/lib/thumb/v7e-m+fp/hard/libc_nano.a(lib_a-init.o)
